[pavelkayler.ru/index.html]
[backblue.gif]
[fade.gif]
[index.html]
[i.wfolio.ru/x/vw6sK5bQa5Fcwe87C_Ouy9fEMYEO3Vmm/MTsPCuI8SXA_GXg5fXeD-Z4Yzl9CwsQg/QDp230CbM0fh3xShRBDi8qPmU-Pm9Yxb/2c-py5439A6B6ODoOLECiZGVzwfzOr2D/2cc578b22d88d1f591a70855ff20ae49.png]
[i.wfolio.ru/x/2liGxMhJRjilwq8i78-UqZczLd56D3TA/sTnJtdZp03LsDDiOBzLXI-I2h26Bzrzc/88GC7xQ3rANuzfxHq5wvdRkKJ91FA7XS/GIwnpiFtrORCme4xqVMhVgJ3KqNTAqy1/2cc578b22d88d1f591a70855ff20ae49.png]
[i.wfolio.ru/x/fzZscrDVcssx9z7fVx1wVatoGH1SiPhD/sjIIFMHaivdwzRqmzU8kybc2zQCXrN-L/I4rqMwcaZ48SPv7AdMiLHGGlTdJj0k6M/166N0dY_HtfRPVm47KWzI7KkqY38KcPK/0a88cdc09c516e95a1fb45d01dbb9c84.jpg]
[pavelkayler.ru/favicon.ico]
[i.wfolio.ru/x/nPyk9X8szP5j_Qqbh-YedmQ5zB9l-5jC/n2giKg88XC_zlnwvvxWOtqj6Ki94S45r/3N10546LOuf4PIe1Y2FE-UhR7Lwm50bi/K233rqHRB1M5oFNGGRYClKokx_qFG6vm/0a88cdc09c516e95a1fb45d01dbb9c84.jpg]
[pavelkayler.ru/assets/icons/play-5a2cfa658b34b5b1463187d6bad7d18ce0e472d3a5ed1c6910b08c8d76263cf1.png]
[pavelkayler.ru/assets/icons/arrow_left_white-cf28a26311868dd4643253ea36f74a09da8a70eaaff77d7d1257fe4e58ac0d7b.png]
[pavelkayler.ru/assets/icons/arrow_right_white-b0b396c47eac4496b0ff49a7fe411ccab238e03d7db9c3555226e269f67b80c7.png]
[pavelkayler.ru/assets/flags/square/am-f4ede0e92ae8d00c458e5a658c31de77aa1c4bc7fe54c3c8f9cd379bddd38ea0.svg]
[pavelkayler.ru/assets/flags/square/az-3e0f710119f24c592ee009b1ce5ebd30dfbce0eb86fed7a2faa9bd96930d43ea.svg]
[pavelkayler.ru/assets/flags/square/by-7bd37ee878e4225470de8cc284d66cf70785a0329da88b43e5f93e25c047b738.svg]
[pavelkayler.ru/assets/flags/square/cn-548f302d58bdad7c3a157b07123df5b3941c6511e0bb840b0a4fa081e61c0379.svg]
[pavelkayler.ru/assets/flags/square/cz-311b1d73fa50e42a08844cd364f68bcee551a309b26bac1dce1651135ae70aa9.svg]
[pavelkayler.ru/assets/flags/square/dk-1939f09bed83b50c36b2c371535c536748d49224da8a98bc5b42f9f74ee2bc25.svg]
[pavelkayler.ru/assets/flags/square/de-3479e75f866450220db28ef3ebb1ba0c345c059ed67de62c4176a09572da8f32.svg]
[pavelkayler.ru/assets/flags/square/ee-1058c4a95d48696c8c99608a104e756d4ac5c431a7a1f60e179769416c443420.svg]
[pavelkayler.ru/assets/flags/square/es-582d90241cc77269d8eeaa709ee9345c4e3935b7c20f9d3f04d707800c554896.svg]
[pavelkayler.ru/assets/flags/square/fi-cdfc9cc3908d4f0d534fb34853fda8db5981195204ab6219bad3aa3cf90ecfa6.svg]
[pavelkayler.ru/assets/flags/square/fr-8b9d16b144204ecd34289bf1f0e06e57ad03a889a3813463de8e1a25005da5ec.svg]
[pavelkayler.ru/assets/flags/square/gb-81ec47f82b87b9398d17f1db841ea31695a24fa3e05c60fa4d59b21ae4d5bed2.svg]
[pavelkayler.ru/assets/flags/square/ge-d90251ffc959309587136e12331f57a2db6b284a892ba1fee03927383208a760.svg]
[pavelkayler.ru/assets/flags/square/gr-40c78a60595b2a3f485040d93505c0128de81b60f44e18e35ce0ca9d5a95f184.svg]
[pavelkayler.ru/assets/flags/square/il-e9027cd798ec317a3cb65af70716a49e6b2963e9c30fd9c82ad6f5c7054d1cd2.svg]
[pavelkayler.ru/assets/flags/square/it-2767e5c7250ec17539972ef710a8cebde73971bf0b9b3186d5baffb02f66974e.svg]
[pavelkayler.ru/assets/flags/square/kz-7bba4215225df2db60ba39f8b42f9c96039859ac70242cc3dc725cfa1a4b1330.svg]
[pavelkayler.ru/assets/flags/square/lt-e386ebe0482bdf999b151c3ae8c5e5e40a58037eab35b29f37682aa849edd3f0.svg]
[pavelkayler.ru/assets/flags/square/lv-dbf5d3fb294b518bc6373c4fc22b028fc462647fbd5032cf57513556896577bc.svg]
[pavelkayler.ru/assets/flags/square/nl-6bfba1aa0f31f33e126e51832eddba06a92106d569f3e01dc4989a3425f45eac.svg]
[pavelkayler.ru/assets/flags/square/no-7b3a522b5101f7bcc5c9ac05adbfbfa3dacde4fc4420d2997b1ab38af7e50dbc.svg]
[pavelkayler.ru/assets/flags/square/pl-acc73e013a67a13fde68d812b22889be9150cce57d029deab6ba5b0ba4e7b69a.svg]
[pavelkayler.ru/assets/flags/square/pt-09b4548e5764d2a6c56bf9c33e8652911f91b16ab6bfa3041630506480281047.svg]
[pavelkayler.ru/assets/flags/square/ro-a4cfc4bce72dc7b034f2b84e932ba3d47f7a9404b94b1450af48263c576b62c8.svg]
[pavelkayler.ru/assets/flags/square/rs-cd44c0b89c5e2c2d0afe1902a263d60648dd18e97636256eb1ffc3148e336cd7.svg]
[pavelkayler.ru/assets/flags/square/ru-aa0d5e4855f92f211efad3979493956dfe01ad4a0b552814cad05fa67694de03.svg]
[pavelkayler.ru/assets/flags/square/se-66e88fa578c2393f3a6722b0cfb661c8577d46a34c8bbe4d3b3ccbcfdd8c2bc6.svg]
[pavelkayler.ru/assets/flags/square/si-57de6654f35b93e7df9736ccb70ced05dcdf69562fe18d8ca4b9b0b193044567.svg]
[pavelkayler.ru/assets/flags/square/tr-0df7b630a61ad40f32017487e6fef02258e8b2c8709c6fc8c1d3de1e9b36b09c.svg]
[pavelkayler.ru/assets/flags/square/ua-86260ecf3aa1da110f92b58861d7918e3e574a79cfb4334f9c82b1a750a8a875.svg]
[pavelkayler.ru/assets/folio/desktop/vendor/polina-3994a6f8acd9e18fe38b14dbbad877484965df0633ca7776ab996d2430e39a9f.css]
[pavelkayler.ru/assets/folio/desktop/themes/polina-102ed724f88f2e016d8785277edaa30dd9edf3fa8517650d82c3c7dda8253cf9.js]
[mc.yandex.ru/metrika/tag.js]
[pavelkayler.ru/works.html]
[pavelkayler.ru/contacts.html]
[pavelkayler.ru/portraits.html]
[pavelkayler.ru/projects.html]
[pavelkayler.ru/index.html]
[pavelkayler.ru/assets/flags/square/am-f4ede0e92ae8d00c458e5a658c31de77aa1c4bc7fe54c3c8f9cd379bddd38ea0.svg]
[pavelkayler.ru/assets/flags/square/az-3e0f710119f24c592ee009b1ce5ebd30dfbce0eb86fed7a2faa9bd96930d43ea.svg]
[pavelkayler.ru/assets/flags/square/by-7bd37ee878e4225470de8cc284d66cf70785a0329da88b43e5f93e25c047b738.svg]
[pavelkayler.ru/assets/flags/square/cn-548f302d58bdad7c3a157b07123df5b3941c6511e0bb840b0a4fa081e61c0379.svg]
[pavelkayler.ru/assets/flags/square/cz-311b1d73fa50e42a08844cd364f68bcee551a309b26bac1dce1651135ae70aa9.svg]
[pavelkayler.ru/assets/flags/square/dk-1939f09bed83b50c36b2c371535c536748d49224da8a98bc5b42f9f74ee2bc25.svg]
[pavelkayler.ru/assets/flags/square/de-3479e75f866450220db28ef3ebb1ba0c345c059ed67de62c4176a09572da8f32.svg]
[pavelkayler.ru/assets/flags/square/ee-1058c4a95d48696c8c99608a104e756d4ac5c431a7a1f60e179769416c443420.svg]
[pavelkayler.ru/assets/flags/square/es-582d90241cc77269d8eeaa709ee9345c4e3935b7c20f9d3f04d707800c554896.svg]
[pavelkayler.ru/assets/flags/square/fi-cdfc9cc3908d4f0d534fb34853fda8db5981195204ab6219bad3aa3cf90ecfa6.svg]
[pavelkayler.ru/assets/flags/square/fr-8b9d16b144204ecd34289bf1f0e06e57ad03a889a3813463de8e1a25005da5ec.svg]
[pavelkayler.ru/assets/flags/square/gb-81ec47f82b87b9398d17f1db841ea31695a24fa3e05c60fa4d59b21ae4d5bed2.svg]
[pavelkayler.ru/assets/flags/square/ge-d90251ffc959309587136e12331f57a2db6b284a892ba1fee03927383208a760.svg]
[pavelkayler.ru/assets/flags/square/gr-40c78a60595b2a3f485040d93505c0128de81b60f44e18e35ce0ca9d5a95f184.svg]
[pavelkayler.ru/assets/flags/square/il-e9027cd798ec317a3cb65af70716a49e6b2963e9c30fd9c82ad6f5c7054d1cd2.svg]
[pavelkayler.ru/assets/flags/square/it-2767e5c7250ec17539972ef710a8cebde73971bf0b9b3186d5baffb02f66974e.svg]
[pavelkayler.ru/assets/flags/square/kz-7bba4215225df2db60ba39f8b42f9c96039859ac70242cc3dc725cfa1a4b1330.svg]
[pavelkayler.ru/assets/flags/square/lt-e386ebe0482bdf999b151c3ae8c5e5e40a58037eab35b29f37682aa849edd3f0.svg]
[pavelkayler.ru/assets/flags/square/lv-dbf5d3fb294b518bc6373c4fc22b028fc462647fbd5032cf57513556896577bc.svg]
[pavelkayler.ru/assets/flags/square/nl-6bfba1aa0f31f33e126e51832eddba06a92106d569f3e01dc4989a3425f45eac.svg]
[pavelkayler.ru/assets/flags/square/no-7b3a522b5101f7bcc5c9ac05adbfbfa3dacde4fc4420d2997b1ab38af7e50dbc.svg]
[pavelkayler.ru/assets/flags/square/pl-acc73e013a67a13fde68d812b22889be9150cce57d029deab6ba5b0ba4e7b69a.svg]
[pavelkayler.ru/assets/flags/square/pt-09b4548e5764d2a6c56bf9c33e8652911f91b16ab6bfa3041630506480281047.svg]
[pavelkayler.ru/assets/flags/square/ro-a4cfc4bce72dc7b034f2b84e932ba3d47f7a9404b94b1450af48263c576b62c8.svg]
[pavelkayler.ru/assets/flags/square/rs-cd44c0b89c5e2c2d0afe1902a263d60648dd18e97636256eb1ffc3148e336cd7.svg]
[pavelkayler.ru/assets/flags/square/ru-aa0d5e4855f92f211efad3979493956dfe01ad4a0b552814cad05fa67694de03.svg]
[pavelkayler.ru/assets/flags/square/se-66e88fa578c2393f3a6722b0cfb661c8577d46a34c8bbe4d3b3ccbcfdd8c2bc6.svg]
[pavelkayler.ru/assets/flags/square/si-57de6654f35b93e7df9736ccb70ced05dcdf69562fe18d8ca4b9b0b193044567.svg]
[pavelkayler.ru/assets/flags/square/tr-0df7b630a61ad40f32017487e6fef02258e8b2c8709c6fc8c1d3de1e9b36b09c.svg]
[pavelkayler.ru/assets/flags/square/ua-86260ecf3aa1da110f92b58861d7918e3e574a79cfb4334f9c82b1a750a8a875.svg]
[pavelkayler.ru/brands.html]
[pavelkayler.ru/assets/font-awesome/fa-brands-400-42c6ccd2717a8509dd84c26181c64985ac29600b9d04d9b5a34b488fbf3075e1.woff2]
[pavelkayler.ru/assets/font-awesome/fa-brands-400-7cc4dacf54efa45acc99b5c23838ba51ce37656e9a07c95152108bbaf3363070.ttf]
[pavelkayler.ru/assets/font-awesome/fa-light-300-e773295f27b81341e6948427170f7e29e2efac0aa00f9288185dc22da580ee56.woff2]
[pavelkayler.ru/assets/font-awesome/fa-light-300-629842d840cece560b139b9cc06e2ebb2c92279670383fe8ebbea2b466500eda.ttf]
[pavelkayler.ru/assets/font-awesome/fa-solid-900-9980baf58c671d191663b98fd1f8b3558c021fd3ca8bc831cee1b1b132b39d8d.woff2]
[pavelkayler.ru/assets/font-awesome/fa-solid-900-f0938550911d9b7551e0fd8117b4497af28d5de97e7675e55b63f703814fb7ec.ttf]
[pavelkayler.ru/assets/custom-icons-cb5906d824b59115b50c97eba5c0ee88aa5a4acb1a3af5a672f988e36a617629.woff2]
[pavelkayler.ru/assets/folio/desktop/vendor/polina-3994a6f8acd9e18fe38b14dbbad877484965df0633ca7776ab996d2430e39a9f.css]
[pavelkayler.ru/works.html]
[pavelkayler.ru/contacts.html]
[i.wfolio.ru/x/vw6sK5bQa5Fcwe87C_Ouy9fEMYEO3Vmm/MTsPCuI8SXA_GXg5fXeD-Z4Yzl9CwsQg/QDp230CbM0fh3xShRBDi8hpyIP4j5Liy/1omxe7p3u0jjDFyXc8DGgS-wlfNZAr0j/60c2cc72cfc2bf321d28fceec2311214.jpg]
[i.wfolio.ru/x/2liGxMhJRjilwq8i78-UqZczLd56D3TA/sTnJtdZp03LsDDiOBzLXI-I2h26Bzrzc/88GC7xQ3rANuzfxHq5wvddkS7_hlI6H7/Jt1SzZr4tPM-GOFrGPwpcdVQY4FijcQ8/60c2cc72cfc2bf321d28fceec2311214.jpg]
[i.wfolio.ru/x/D48ScH1DA6jxU_uSH-Or-C0cJClpP-QP/lEAL128xEMPGM2o_rKw_kMPHKR9vAJ80/IyS7pDSMTzRwwLqEuJNT9kJUWY9T1zX1/wUDLJTpBPz26eDBE2lFQKpZRA2OuDkhm/198b1ef26348bdd6a5400a605062bbda.jpg]
[i.wfolio.ru/x/zfNWg0RActCaYvCdP8NS6h3QcKqIOO7I/oVCmpsR2A0_zCBuWQbm7dJYwNQ6ysoqE/TX_wIl7NdJfFDdcVB76hFr2v10tv0olv/3UmnzZwtCDSkhnUxuUkQF_mCspJIeYE6/d568c02c69f9960ff7d9ecf303a807ff.jpg]
[i.wfolio.ru/x/zfNWg0RActCaYvCdP8NS6h3QcKqIOO7I/oVCmpsR2A0_zCBuWQbm7dJYwNQ6ysoqE/zuVF23H54Gf7hmfkaZq8xVrM0MznCnoz/pasNyf7qGWzuox8dFbYu8D6UxQEk27F4/072dd5e39af603d22eb8a2b3d4a55da1.jpg]
[i.wfolio.ru/x/zfNWg0RActCaYvCdP8NS6h3QcKqIOO7I/oVCmpsR2A0_zCBuWQbm7dJYwNQ6ysoqE/2Md8MyRBdq1QPuj5X66nX0dwZdjvCVQV/wF0yXoEzDHJICnEmdv9rcoIPgsaywpiV/e7e8721e1359b13dd672e21c5816b1a2.jpg]
[i.wfolio.ru/x/zfNWg0RActCaYvCdP8NS6h3QcKqIOO7I/oVCmpsR2A0_zCBuWQbm7dJYwNQ6ysoqE/LSEFKcFvQelD4GWDz0F_SJcR3OSxrQpT/jqTYcDQQzSdHVAh8wEBDzM4dmdKNiEX8/6501af0534ea7b8e55ec914c6ffcca77.jpg]
[i.wfolio.ru/x/zfNWg0RActCaYvCdP8NS6h3QcKqIOO7I/oVCmpsR2A0_zCBuWQbm7dJYwNQ6ysoqE/MBx4yymCmESJ8lvuPzheZdH9haH3HyiB/SayzDbIApOeAeK9ZX367ZOM1gJtIUent/f7de9294c7553c3e59f85a732fb096ed.jpg]
[i.wfolio.ru/x/zfNWg0RActCaYvCdP8NS6h3QcKqIOO7I/oVCmpsR2A0_zCBuWQbm7dJYwNQ6ysoqE/WvJh0TprCV0XXWqnkP6ZRKrnKazwrWKG/j8Rx7BYDM5rKkJ9JI-KhXo3bj2xSGYsF/a47282fb54a3084877d170bc3a27ff1f.jpg]
[i.wfolio.ru/x/zfNWg0RActCaYvCdP8NS6h3QcKqIOO7I/oVCmpsR2A0_zCBuWQbm7dJYwNQ6ysoqE/MBx4yymCmESJ8lvuPzheZZsr9UYR8chc/6wopMCJmUw9FDQmYdO7ouE2uVXpY2bXh/f7f3817318c5e26e8b7a7cf8110f7ab6.jpg]
[i.wfolio.ru/x/zfNWg0RActCaYvCdP8NS6h3QcKqIOO7I/oVCmpsR2A0_zCBuWQbm7dJYwNQ6ysoqE/ksom1BLktBjifUJy0-m_7RH-JIPt2B9_/VJlPYgsjTzSSyWpqnG2txJVx0E4UCQLw/e8e542ac559d42e95b70e814d4c991ce.jpg]
[i.wfolio.ru/x/zfNWg0RActCaYvCdP8NS6h3QcKqIOO7I/oVCmpsR2A0_zCBuWQbm7dJYwNQ6ysoqE/quJVjWdGhcf0e5_6cJgnxEbdvNbbpaxq/WCO5AocDDGb8XRBhFuzQ7BgvkbdTMenq/45374679a6cce40d79d9450824f977a9.jpg]
[i.wfolio.ru/x/zfNWg0RActCaYvCdP8NS6h3QcKqIOO7I/oVCmpsR2A0_zCBuWQbm7dJYwNQ6ysoqE/tnYqRTYkfwhZdmtMEHsYPQl-GbpWSFD2/qp9S9ZgzrG2cYGONdFzsdJU_jbJ0r9sO/5af5835d13f18f5db4403924aa8b8821.jpg]
[i.wfolio.ru/x/zfNWg0RActCaYvCdP8NS6h3QcKqIOO7I/oVCmpsR2A0_zCBuWQbm7dJYwNQ6ysoqE/ruROZUK7XinyX-88TVvzuFsiGaFPbr__/rRVstDX1aiLaH9FEMfdswsp_ornvtZ6J/937866fd56b6b21a8f9b8dd7d8b1124e.jpg]
[i.wfolio.ru/x/zfNWg0RActCaYvCdP8NS6h3QcKqIOO7I/oVCmpsR2A0_zCBuWQbm7dJYwNQ6ysoqE/LSEFKcFvQelD4GWDz0F_SHadsS7j5Zbq/fWbNCOlaydSKQjBJBX3CDXfHmmMMtoqy/65efa7098b77eef5eb8dd1483ce101bc.jpg]
[i.wfolio.ru/x/zfNWg0RActCaYvCdP8NS6h3QcKqIOO7I/oVCmpsR2A0_zCBuWQbm7dJYwNQ6ysoqE/Dv9GqEJUQvlaDGjC9jfHsRc8xxHpl7e3/GS79--8HZHT5wc0Bas1k7-IA3yJPy_Ue/1b86b8a6fa343f9a7e2892eebd6eb69d.jpg]
[i.wfolio.ru/x/zfNWg0RActCaYvCdP8NS6h3QcKqIOO7I/oVCmpsR2A0_zCBuWQbm7dJYwNQ6ysoqE/vBKnm9A2EPw5d6MyxAislvQWniNStWSO/MNil94-bkxrbTsXIN13eCwpkPJJBsWU8/ab7899db6674440c79a1e1b5683a477d.jpg]
[i.wfolio.ru/x/zfNWg0RActCaYvCdP8NS6h3QcKqIOO7I/oVCmpsR2A0_zCBuWQbm7dJYwNQ6ysoqE/oVKT0t3n4FUFE0EBMWDlu7RLfGKODKQC/pWmOqM9RGr-DpEFZ_xMvsooa1F4ntLCK/dbc762b448031f34bde831e8d456b0c8.jpg]
[i.wfolio.ru/x/zfNWg0RActCaYvCdP8NS6h3QcKqIOO7I/oVCmpsR2A0_zCBuWQbm7dJYwNQ6ysoqE/yXJBBsqddgc3Ay3ibdmfiCxesTi0Y8Wi/G3nUhk6lvpNN4rsrjTe_05d21uEP3HSC/3169a5f2d4d1409213946b53fb7c92e8.jpg]
[i.wfolio.ru/x/zfNWg0RActCaYvCdP8NS6h3QcKqIOO7I/oVCmpsR2A0_zCBuWQbm7dJYwNQ6ysoqE/F3gh_BjdvN2ZCy48L5ioJvFu8stzvwcW/lRh0Xle3b5uYEdhhxLTdjQbhttiQE7Lu/cad729e9bf9f2b76702d2a7c63dc47e9.jpg]
[i.wfolio.ru/x/zfNWg0RActCaYvCdP8NS6h3QcKqIOO7I/oVCmpsR2A0_zCBuWQbm7dJYwNQ6ysoqE/Gbb7HgM81qY1JR2UGGer-Om--XquIbCG/wMZD2tkyRmJFdid-lXBgw8gLLFHAtPal/438f397cfee9e5f3aacf6e37aef1bad1.jpg]
[i.wfolio.ru/x/zfNWg0RActCaYvCdP8NS6h3QcKqIOO7I/oVCmpsR2A0_zCBuWQbm7dJYwNQ6ysoqE/DQ1WOvwlV7YsOfuMcDEa0bJCp2OxE29q/6YmnwyjrdjZgY7Rbvsfe8l1dht8MWShR/8fe5256ccb9796aa9f006c5e261428d7.jpg]
[i.wfolio.ru/x/zfNWg0RActCaYvCdP8NS6h3QcKqIOO7I/oVCmpsR2A0_zCBuWQbm7dJYwNQ6ysoqE/OWTjzeaNYoAH10d4CPqrgD_568a5MNJE/00bQMfXT7f7Hgh1t4AyYBKGHoPPttEV4/ea7a15460fa999775b41a6b1e0869b6a.jpg]
[i.wfolio.ru/x/zfNWg0RActCaYvCdP8NS6h3QcKqIOO7I/oVCmpsR2A0_zCBuWQbm7dJYwNQ6ysoqE/Dv9GqEJUQvlaDGjC9jfHsTwFlBprhOqy/IX7rXP3fpfzzPIJm2MrFyOjL-osSkUWH/1b387d17419693e94db99ded122b3f73.jpg]
[i.wfolio.ru/x/zfNWg0RActCaYvCdP8NS6h3QcKqIOO7I/oVCmpsR2A0_zCBuWQbm7dJYwNQ6ysoqE/3-vtTjb9P9D0LVHV_x1i3WqyDqvSAP6H/LnORvF7-VC4Zlywo_TvNAur8d-0dSHij/1702f3a86c132de15362957dda9b3bff.jpg]
[i.wfolio.ru/x/zfNWg0RActCaYvCdP8NS6h3QcKqIOO7I/oVCmpsR2A0_zCBuWQbm7dJYwNQ6ysoqE/b7-ImZhS70P89NDpan3MoA16u958XO1U/cVa6AaeRI9sN7qZ545exLyxNY5nL4dIa/3cda944aacc87d7679a083c5448b3249.jpg]
[i.wfolio.ru/x/zfNWg0RActCaYvCdP8NS6h3QcKqIOO7I/oVCmpsR2A0_zCBuWQbm7dJYwNQ6ysoqE/NgHuh0bB5QiB-iL1UQThfTIAEDn7Bxo4/K5SsLXBltEBgMe8E8uw76YlpWfGT8vQE/3857f5c5b0f4efa561c9ce75ca661bc9.jpg]
[i.wfolio.ru/x/zfNWg0RActCaYvCdP8NS6h3QcKqIOO7I/oVCmpsR2A0_zCBuWQbm7dJYwNQ6ysoqE/RMK3-qJQdSTm40l7xRGmkYnsBuiUI8C1/-yFoweRPsGMqGl2oZwlYnLIGnOrMTLF-/1a45e1b3e1020d467e4b7320aff51b19.jpg]
[i.wfolio.ru/x/zfNWg0RActCaYvCdP8NS6h3QcKqIOO7I/oVCmpsR2A0_zCBuWQbm7dJYwNQ6ysoqE/9tExtL-mRnKRitBimGEUcZrmq5Chcidy/JDuf5S8oRl4bCusPlXWMqfMTdnf40_JS/33d7782a2ead9cd7d0127822dcfb47df.jpg]
[i.wfolio.ru/x/zfNWg0RActCaYvCdP8NS6h3QcKqIOO7I/oVCmpsR2A0_zCBuWQbm7dJYwNQ6ysoqE/I44syaYqGQQUOllUNGorEH4qD0DdUW1Y/JBYmYeoGwVYHaMn0rkGj_XX4pdCvvJw-/d1c74431e8b67668f8a8d72ebecec13a.jpg]
[i.wfolio.ru/x/zfNWg0RActCaYvCdP8NS6h3QcKqIOO7I/oVCmpsR2A0_zCBuWQbm7dJYwNQ6ysoqE/IIA2Rtvqxl9Xe8yj-k7Vjyp7XSUIQkEQ/dwV7Hd2TkkA-giGsCHJnB5pmrjF1kwI3/87b027b881e475740304eb389d6439bd.jpg]
[i.wfolio.ru/x/zfNWg0RActCaYvCdP8NS6h3QcKqIOO7I/oVCmpsR2A0_zCBuWQbm7dJYwNQ6ysoqE/1AkkKEn6zLFWJz2CGG1Zwf8Q7be5DDjH/94kHYPTbQH_Y6sNYAfUbM92LxyktYv4y/dea5c75916042d16ccabacad023e1dad.jpg]
[i.wfolio.ru/x/zfNWg0RActCaYvCdP8NS6h3QcKqIOO7I/oVCmpsR2A0_zCBuWQbm7dJYwNQ6ysoqE/VqzjZGoiTPqzwACQN_MWP9cw66zHA4vV/XQzcGn31pSWPWwY3XbJbgRC3v4nyTpnz/7a96571b95e33aa1b72add402da1f339.jpg]
[i.wfolio.ru/x/zfNWg0RActCaYvCdP8NS6h3QcKqIOO7I/oVCmpsR2A0_zCBuWQbm7dJYwNQ6ysoqE/mLRM4eSHMnAQqP1YsGDHz3nuoIbzDFJQ/7DOBU9uriKEJ2uXR5qnyDS7oOeuV0sDX/a6391b244caa9ccaeb08d8f654f40188.jpg]
[i.wfolio.ru/x/zfNWg0RActCaYvCdP8NS6h3QcKqIOO7I/oVCmpsR2A0_zCBuWQbm7dJYwNQ6ysoqE/U2lO5sRt5vPPqZIxnS_Q0xM4pLJfx-KQ/C5bHw7oI6IpF43gcfBBR4IqxtO_JcShT/3a3a30a6b13fb7c354b921d651576c47.jpg]
[i.wfolio.ru/x/zfNWg0RActCaYvCdP8NS6h3QcKqIOO7I/oVCmpsR2A0_zCBuWQbm7dJYwNQ6ysoqE/Sj1vjOark3kwXTVfDjLZbcjpwaa7xtgA/hE8I4oj7jO6SafHqK2Acd7_fKgX2_-v6/34b964aad63b10bb244609cd3deb1afd.jpg]
[i.wfolio.ru/x/zfNWg0RActCaYvCdP8NS6h3QcKqIOO7I/oVCmpsR2A0_zCBuWQbm7dJYwNQ6ysoqE/dkCfKVe-8N_zsfGkFmMGPiwHNwSwBOnW/frYZRpi2-j-W5fmyqBhPhB0ZFUiJ-H0U/fce8a16cb257f39655e4895dcde2fc82.jpg]
[i.wfolio.ru/x/zfNWg0RActCaYvCdP8NS6h3QcKqIOO7I/oVCmpsR2A0_zCBuWQbm7dJYwNQ6ysoqE/nT4ZfhVVKjgHZunZiXFd35eOiAICZC0d/rPwnFk1fajOgcQ4tbtyFMXFl3ohR_UpL/532b5ba9449f23366e142eb7760f1802.jpg]
[i.wfolio.ru/x/zfNWg0RActCaYvCdP8NS6h3QcKqIOO7I/oVCmpsR2A0_zCBuWQbm7dJYwNQ6ysoqE/vBKnm9A2EPw5d6MyxAislpQ8QgDG2A9l/mbty_SJh1tsSeO6NmVslDKhLvbHHv_6u/ab853592fa5e36c12c9900ddd8df8ed1.jpg]
[i.wfolio.ru/x/zfNWg0RActCaYvCdP8NS6h3QcKqIOO7I/oVCmpsR2A0_zCBuWQbm7dJYwNQ6ysoqE/fW0Hih3IMd9yo49PnES3p1TmljlM4AWP/wDmCqR8SkNoSOIool5P4NCV4vN6We-lc/13f2a33ce053a9af59aba70808f15abb.jpg]
[i.wfolio.ru/x/zfNWg0RActCaYvCdP8NS6h3QcKqIOO7I/oVCmpsR2A0_zCBuWQbm7dJYwNQ6ysoqE/0bP_xd-OCSgqbFrwuASeW9kzLPVId7Ob/CZtbTAmcsACQKNGxy8A9VA0TMBHXWIpb/e38e7e87a0265c2eae89bebfa18461e6.jpg]
[i.wfolio.ru/x/zfNWg0RActCaYvCdP8NS6h3QcKqIOO7I/oVCmpsR2A0_zCBuWQbm7dJYwNQ6ysoqE/CymDIqcMQF_XhYa0Pb7JgcFG1O4L6h3l/fhWmDSiUr6_4nhW6OTTiWnU1ManbuAs9/5444420f636f7e4163c27e1024d0b22e.jpg]
[i.wfolio.ru/x/zfNWg0RActCaYvCdP8NS6h3QcKqIOO7I/oVCmpsR2A0_zCBuWQbm7dJYwNQ6ysoqE/5gsL7UJiFnT5OBQSoQyiegPSMDSafJss/B1xWAHX5FcN4N3QcjdFSiD5irZgjca39/6f9b57c6737ce8ceb9148affd5abf885.jpg]
[i.wfolio.ru/x/zfNWg0RActCaYvCdP8NS6h3QcKqIOO7I/oVCmpsR2A0_zCBuWQbm7dJYwNQ6ysoqE/JXbzS4yJWI19oUPiRzApAoiiMqi99lrz/H7dFQ8KXytGG-9C21bAqun1PMyDOfCbm/7587c44baa952313656c6df05892d939.jpg]
[i.wfolio.ru/x/zfNWg0RActCaYvCdP8NS6h3QcKqIOO7I/oVCmpsR2A0_zCBuWQbm7dJYwNQ6ysoqE/fRaOYHVDMBedpy0oaI3oqSHrnz4Fnidb/atviCirJ09kekATC49q9u_QdYlfz6U2S/4d9adc3fcb02232420e1918170165b9f.jpg]
[i.wfolio.ru/x/zfNWg0RActCaYvCdP8NS6h3QcKqIOO7I/oVCmpsR2A0_zCBuWQbm7dJYwNQ6ysoqE/F3gh_BjdvN2ZCy48L5ioJlhUaVOfx6M4/4UBlww69A2eaOA0iW782L-L4e1PANMFZ/caea77bba7c274ac5b09b0c93ce7897b.jpg]
[i.wfolio.ru/x/zfNWg0RActCaYvCdP8NS6h3QcKqIOO7I/oVCmpsR2A0_zCBuWQbm7dJYwNQ6ysoqE/1AkkKEn6zLFWJz2CGG1ZwVamTGW4Yj2h/bno5C4jKlEwf5yQFKUeUW-3Zax3xqnsm/de97ace19d69d8229d637f9c6e531b7b.jpg]
[i.wfolio.ru/x/zfNWg0RActCaYvCdP8NS6h3QcKqIOO7I/oVCmpsR2A0_zCBuWQbm7dJYwNQ6ysoqE/_xr7JnCca_ktci4MdaEtFQ6pkzs3FHfC/retLFJQ5LVJBT3hgIOEo-9PP6vK64RPY/784dfd6030f6f73cd544699e88911266.jpg]
[i.wfolio.ru/x/zfNWg0RActCaYvCdP8NS6h3QcKqIOO7I/oVCmpsR2A0_zCBuWQbm7dJYwNQ6ysoqE/sviQq9B-0jUPykgKJYjnVl_prvI7yIWG/NUQS2TN72Pp1sgvnvwjnQ_hYUSAKHwMa/5102778043f852919eef3081d31a94bf.jpg]
[i.wfolio.ru/x/zfNWg0RActCaYvCdP8NS6h3QcKqIOO7I/oVCmpsR2A0_zCBuWQbm7dJYwNQ6ysoqE/2Md8MyRBdq1QPuj5X66nX_XecGmEg9_V/je8gIo6M-1GNweNgcn7xLOb5FXDjmYMy/e76098fc57a9bbdd4d0d08cd3cd44d1b.jpg]
[i.wfolio.ru/x/zfNWg0RActCaYvCdP8NS6h3QcKqIOO7I/oVCmpsR2A0_zCBuWQbm7dJYwNQ6ysoqE/bny_5M8GD6lGiyQLaCJ1vRvRwYYdQju8/l4nrp-Mj1kAppZ35Q-7WBQbAcPHB3IK4/f915c7e820979d5ee90778f04551fd15.jpg]
[i.wfolio.ru/x/zfNWg0RActCaYvCdP8NS6h3QcKqIOO7I/oVCmpsR2A0_zCBuWQbm7dJYwNQ6ysoqE/upRzQ6l4eSuFruiVdmKE1CZFgD1yCZgy/Q9JQzHbV__T1syoKo9HiYLcFGwyPZoRz/0e557e1c41ae2089046e00f2eecf57a8.jpg]
[pavelkayler.ru/portraits.html]
[i.wfolio.ru/x/vw6sK5bQa5Fcwe87C_Ouy9fEMYEO3Vmm/MTsPCuI8SXA_GXg5fXeD-Z4Yzl9CwsQg/QDp230CbM0fh3xShRBDi8oYHiFeH5VBJ/KzxlYPJDwsxdLndFfM3ZKBL_J04STOil/f92a632b680d69c43b24f1e303094001.jpg]
[i.wfolio.ru/x/2liGxMhJRjilwq8i78-UqZczLd56D3TA/sTnJtdZp03LsDDiOBzLXI-I2h26Bzrzc/88GC7xQ3rANuzfxHq5wvdSBTKkCLzY2r/A1hqBPdKsz_Y41xVhwMK4fOu41s4gDe7/f92a632b680d69c43b24f1e303094001.jpg]
[i.wfolio.ru/x/D48ScH1DA6jxU_uSH-Or-C0cJClpP-QP/lEAL128xEMPGM2o_rKw_kMPHKR9vAJ80/nXBfLnpwfeFn2Xu4a_jW4OIHh7AkknXD/RylDRr7iU2H9UtGRq69MhREXUrjBxRvs/2e201a781f2dd62b6c78d936a9c6b70c.jpg]
[i.wfolio.ru/x/zfNWg0RActCaYvCdP8NS6h3QcKqIOO7I/oVCmpsR2A0_zCBuWQbm7dJYwNQ6ysoqE/bny_5M8GD6lGiyQLaCJ1vcfGRp33G9y9/RcqJLegog2FJJSb4X9nXW9eOb4xICfG1/f9ebd10f2eb38480b337d17de5e5109f.jpg]
[i.wfolio.ru/x/zfNWg0RActCaYvCdP8NS6h3QcKqIOO7I/oVCmpsR2A0_zCBuWQbm7dJYwNQ6ysoqE/kAW4FRPRo-OeiMIKsPXGOPnVe1bpGNry/ovACekBb8mbbCTzQfLvHx4MHMZjS4bpH/cec612c8c0bcf50dbf16ceeca4795547.jpg]
[i.wfolio.ru/x/zfNWg0RActCaYvCdP8NS6h3QcKqIOO7I/oVCmpsR2A0_zCBuWQbm7dJYwNQ6ysoqE/FvuIhyTB9nAjv8_F8DzwmUou-AETuDuV/8dJxBFGTUTaWx9tlYLqg9oqeb0LWRfTx/a797b8959782e6126482b3a756fbf3ca.jpg]
[i.wfolio.ru/x/zfNWg0RActCaYvCdP8NS6h3QcKqIOO7I/oVCmpsR2A0_zCBuWQbm7dJYwNQ6ysoqE/0pBuiL5-167xpnUGb6lkPqeqWSMmFq5I/cy_TATZ_vmrHbTvz3pwqwJ02Glzo6sRf/8d0bb9b81e441a6f6a0ffd1e73dff699.jpg]
[i.wfolio.ru/x/zfNWg0RActCaYvCdP8NS6h3QcKqIOO7I/oVCmpsR2A0_zCBuWQbm7dJYwNQ6ysoqE/fVv83RUXkVx174q8AgGWDxMlG6ukD2n9/pkO3vpZMfrkdZHHedNu6WD8aNX72c4an/a9dccce3194ce77407eaf6a235986dd5.jpg]
[i.wfolio.ru/x/zfNWg0RActCaYvCdP8NS6h3QcKqIOO7I/oVCmpsR2A0_zCBuWQbm7dJYwNQ6ysoqE/o9YwUx324faRVXIKFUhh1WysLWwd7C9U/JLTMyYmaLfx8R6wGj-sziEOdJAJkXUlQ/aea9d275783f43f08e5943038e3a003a.jpg]
[i.wfolio.ru/x/zfNWg0RActCaYvCdP8NS6h3QcKqIOO7I/oVCmpsR2A0_zCBuWQbm7dJYwNQ6ysoqE/MvQqUJzNSZQFZwgsT_h0Sr11j-L44olb/HgfjOXX9zuPVg3a1l9LOCQHxhmln6Zwp/df2841aa5448a29675ea5388572ed681.jpg]
[i.wfolio.ru/x/zfNWg0RActCaYvCdP8NS6h3QcKqIOO7I/oVCmpsR2A0_zCBuWQbm7dJYwNQ6ysoqE/EyJsq2KNbw-QGauPhm8mcP0Vfk-RsYDB/xONyQcp2zGOt3z4F_q-GOD4XFchZeIjU/914026a61ed913b21d7757182f667bdc.jpg]
[i.wfolio.ru/x/zfNWg0RActCaYvCdP8NS6h3QcKqIOO7I/oVCmpsR2A0_zCBuWQbm7dJYwNQ6ysoqE/X-bz5_yylSCgpm1xKcvg6MH1Bfyup2tB/evQmgB-TE69P87132oO4z_WvHhAFg7Pb/cb521e32f43b8a1bdd6021543d1e0f3a.jpg]
[i.wfolio.ru/x/zfNWg0RActCaYvCdP8NS6h3QcKqIOO7I/oVCmpsR2A0_zCBuWQbm7dJYwNQ6ysoqE/F3gh_BjdvN2ZCy48L5ioJiZFvHJAGAaq/ZQOs4ekIJe7VJPvJTvvmZ5f-KQ9uBpkD/ca701678177bfe63c3e330c9f3dd6a99.jpg]
[i.wfolio.ru/x/zfNWg0RActCaYvCdP8NS6h3QcKqIOO7I/oVCmpsR2A0_zCBuWQbm7dJYwNQ6ysoqE/cV0t98hSo1KnGclyILKysMNyAl1sWvXC/P2clONej2ffpzEpuUlxo_wbe1_Qnjvry/39af4f6ae1a900d0926ab64d02012931.jpg]
[i.wfolio.ru/x/zfNWg0RActCaYvCdP8NS6h3QcKqIOO7I/oVCmpsR2A0_zCBuWQbm7dJYwNQ6ysoqE/X-bz5_yylSCgpm1xKcvg6OfeCaj91Yhe/MMGEo1g1a9cm1N5Wo1VHj47hN6_Fdewq/cbdb590b19bc0ff9cbaf95aa2cc9389a.jpg]
[i.wfolio.ru/x/zfNWg0RActCaYvCdP8NS6h3QcKqIOO7I/oVCmpsR2A0_zCBuWQbm7dJYwNQ6ysoqE/Ap7lSDwwCKqO4xyU-f5yyjgFHj_Fi2hn/GvdJ2LyWJ9k_dzVCuAnn5LxbzPhxKLLo/62e618bbf57e8185ebf3e8b062343172.jpg]
[i.wfolio.ru/x/zfNWg0RActCaYvCdP8NS6h3QcKqIOO7I/oVCmpsR2A0_zCBuWQbm7dJYwNQ6ysoqE/sZYXlm8L0sCeGS-nBUoUc6G0qBP9bOpr/v0nFeFBUtgR5eGBhP-whiGYSXxNRejfN/f16ea8be576b637e28cfed194ba05fb4.jpg]
[pavelkayler.ru/projects.html]
[i.wfolio.ru/x/vw6sK5bQa5Fcwe87C_Ouy9fEMYEO3Vmm/MTsPCuI8SXA_GXg5fXeD-Z4Yzl9CwsQg/QDp230CbM0fh3xShRBDi8iU-DDzVJTvh/DL7WmdPbXFGDghPwBVtZ-eXPXN0wVNj6/20c98d0f119576ed321ee8dd2260ed79.jpg]
[i.wfolio.ru/x/2liGxMhJRjilwq8i78-UqZczLd56D3TA/sTnJtdZp03LsDDiOBzLXI-I2h26Bzrzc/88GC7xQ3rANuzfxHq5wvdbkjOBlKNF7s/EqQljwCa5PhrNvpMMwveHRyl270kQDtG/20c98d0f119576ed321ee8dd2260ed79.jpg]
[i.wfolio.ru/x/zfNWg0RActCaYvCdP8NS6h3QcKqIOO7I/oVCmpsR2A0_zCBuWQbm7dJYwNQ6ysoqE/FT88r1Di-Fv3y-ppy2M5KmUopGzB_EO1/44qeVpd5fsNi0dyPNA2x_1BcQaRKQTx4/a0b1cee31d1f881f7b2ce4633402d009.jpg]
[i.wfolio.ru/x/zfNWg0RActCaYvCdP8NS6h3QcKqIOO7I/oVCmpsR2A0_zCBuWQbm7dJYwNQ6ysoqE/PxHdg5v3lSIx0TAd7ZfvhpTWo_1cpnK0/IU5UV_RX8-hUmcOB9kSB__Ya0DbXsMuK/0bcf5dafddad79e28760df0b557422a9.jpg]
[i.wfolio.ru/x/zfNWg0RActCaYvCdP8NS6h3QcKqIOO7I/oVCmpsR2A0_zCBuWQbm7dJYwNQ6ysoqE/n3INjx-BwfbpFcS9NFM8sfn-kLTsjQYq/Gt2po6QuQ7bWdvYeLcdyBiGYvJJkahFu/e196f52b524a31d7fb81d155f68fd0a5.jpg]
[i.wfolio.ru/x/zfNWg0RActCaYvCdP8NS6h3QcKqIOO7I/oVCmpsR2A0_zCBuWQbm7dJYwNQ6ysoqE/U-0h2q38Ilzc5UTx5QVUxX2H3Vx-HwMv/Y8dumeAYyr9GIbSTcWjByBwUp705s_cT/f5fa3e9dcd87346816354753304f6343.jpg]
[i.wfolio.ru/x/zfNWg0RActCaYvCdP8NS6h3QcKqIOO7I/oVCmpsR2A0_zCBuWQbm7dJYwNQ6ysoqE/wmV7Mjwe2KmGLHGnJY4W1OOycRmLe9GI/eLMT0RltK9iBbv3YBnHRJGvIpNibjldI/ddddd02c11a7ba7bb6157b29dd7c24e0.jpg]
[i.wfolio.ru/x/zfNWg0RActCaYvCdP8NS6h3QcKqIOO7I/oVCmpsR2A0_zCBuWQbm7dJYwNQ6ysoqE/nT4ZfhVVKjgHZunZiXFd3xdSGUyMQFrc/H1luXa0zFBvLfI7j2GpE4g0EJg4ULLQx/53a5bd5cd6b5fcdf5492688aafbc2a57.jpg]
[i.wfolio.ru/x/zfNWg0RActCaYvCdP8NS6h3QcKqIOO7I/oVCmpsR2A0_zCBuWQbm7dJYwNQ6ysoqE/CX9QwLMYDeWIHFbhLjEzZCEXWRRB18FK/iydl08xfg2giIisoN22kroJlcqTtUuDJ/bb109c7d384816862aa66be4e9d8b63e.jpg]
[i.wfolio.ru/x/zfNWg0RActCaYvCdP8NS6h3QcKqIOO7I/oVCmpsR2A0_zCBuWQbm7dJYwNQ6ysoqE/QLlFU6QguB_FQHcRIEc68QfKecgdaGl8/H9zmu-uBhTxmsacqy5FBaOLISzJYBwYb/369af77c58340882f20ea7a0ceb61357.jpg]
[i.wfolio.ru/x/zfNWg0RActCaYvCdP8NS6h3QcKqIOO7I/oVCmpsR2A0_zCBuWQbm7dJYwNQ6ysoqE/9tExtL-mRnKRitBimGEUcRldwlPVWfrB/wjMcjQDLw0Bs_qzjX8ALUp8YPG1kCYrp/339aabed96a45006af7339fc7e3e2175.jpg]
[i.wfolio.ru/x/zfNWg0RActCaYvCdP8NS6h3QcKqIOO7I/oVCmpsR2A0_zCBuWQbm7dJYwNQ6ysoqE/o9YwUx324faRVXIKFUhh1bFMJ1X_cPK1/H0anHt4QTBDdX0AWoBAbTx-N3trZi50J/ae17a87af6388530403aeb29f6f3a166.jpg]
[i.wfolio.ru/x/zfNWg0RActCaYvCdP8NS6h3QcKqIOO7I/oVCmpsR2A0_zCBuWQbm7dJYwNQ6ysoqE/nMvUGNCu7ECeOZmDbi_2xpCWkfUUDRL6/lfj7pQgtdcHAGhwV29rnvByjMYbMeBFq/4eab37e3310665d1bf8aab25461e8adb.jpg]
[i.wfolio.ru/x/zfNWg0RActCaYvCdP8NS6h3QcKqIOO7I/oVCmpsR2A0_zCBuWQbm7dJYwNQ6ysoqE/XqWS38Bvw445BH1UYjh5OBL3lZr03dzc/k6G5qKrp9K0Neaywh1eknOgxpKusE4Vq/d695c8542d234d165c52f27f41aeafcc.jpg]
[i.wfolio.ru/x/zfNWg0RActCaYvCdP8NS6h3QcKqIOO7I/oVCmpsR2A0_zCBuWQbm7dJYwNQ6ysoqE/JA3TXBl6A-dR9saRisB7m5zreRdVXSH8/-ZWSN9l1fGy_ERaxfquodor2SI-0g3yo/3fa68546dd0342faf2c8650f1152b775.jpg]
[pavelkayler.ru/brands.html]
